\BOOKMARK [1][-]{section.1}{\376\377\121\150\140\157\142\225\137\161\173\200\116\313}{}% 1
\BOOKMARK [1][-]{section.2}{\376\377\125\106\165\050\166\204\117\052\121\150\140\157\142\225\137\161\142\200\147\057}{}% 2
\BOOKMARK [2][-]{subsection.2.1}{\376\377\117\151\163\300\134\024\136\173\214\141}{section.2}% 3
\BOOKMARK [2][-]{subsection.2.2}{\376\377\145\313\217\154\000L\000E\000D\146\076\171\072\142\200\147\057}{section.2}% 4
\BOOKMARK [2][-]{subsection.2.3}{\376\377\0003\000D\156\062\147\323}{section.2}% 5
\BOOKMARK [1][-]{section.3}{\376\377\121\150\140\157\142\225\137\161\142\200\147\057\166\204\122\115\154\277\123\321\134\125}{}% 6
\BOOKMARK [1][-]{section.4}{\376\377\140\073\176\323}{}% 7
